// Jest Snapshot v1, https://goo.gl/fbAQLP

exports[`<Button /> should render without blowing up 1`] = `
.c0 {
  padding: 13px 27px;
  border-width: 2px;
  border-style: solid;
  border-color: transparent;
  font-size: 14px;
  display: block;
  font-weight: normal;
  text-align: center;
  vertical-align: middle;
  touch-action: manipulation;
  cursor: pointer;
  background-image: none;
  white-space: nowrap;
  line-height: 1.42857143;
  border-radius: 3px;
  -webkit-text-decoration: none;
  text-decoration: none;
  -webkit-user-select: none;
  -moz-user-select: none;
  -ms-user-select: none;
  user-select: none;
  border-color: #ff5313;
  background-color: #fff;
  width: auto;
  height: 50px;
  -webkit-text-decoration: none;
  text-decoration: none;
  color: #ff5313;
  font-size: 14px;
  border-radius: 3px;
  font-weight: 400;
  min-width: auto;
}

.c0:active {
  box-shadow: inset 0 3px 5px rgba(0,0,0,0.125);
}

.c0:active,
.c0:focus {
  outline: none;
  -webkit-text-decoration: none;
  text-decoration: none;
}

.c0:disabled,
.c0.disabled {
  opacity: 0.3;
}

.c0:focus {
  border-color: #0090ff;
}

.c0:hover {
  color: #ec4203;
  border-color: #ec4203;
}

.c0:hover:active {
  color: #d23900;
  border-color: #d23900;
}

.c0:focus {
  color: #ff5313;
  border-color: #0090ff;
}

<a
  className="c0"
>
  Button
</a>
`;
