// Jest Snapshot v1, https://goo.gl/fbAQLP

exports[`<Box /> should render without blowing up 1`] = `
<styled.div>
  Box
</styled.div>
`;
